// Jest Snapshot v1, https://goo.gl/fbAQLP

exports[`EditPostHeader Matches snapshot 1`] = `
<Dropzone
  className="PostHeader edit"
  disableClick={true}
  disablePreview={false}
  maxSize={Infinity}
  minSize={0}
  multiple={true}
  onDrop={[Function]}
  preventDropOnDocument={true}
>
  <ScaledImage
    alt="image"
    cover={true}
    image={
      Object {
        "id": "def234",
        "ratio": 1,
        "url": "image.jpg",
      }
    }
    key="def234"
    style={
      Object {
        "flex": 1,
      }
    }
  />
  <hgroup>
    <PlainTextAreaInput
      className="H-Large"
      onBlur={[Function]}
      placeholder="Enter the title of your post"
      value="Header title"
    />
    <dates>
      <DateRangeInput
        onChange={[Function]}
      />
    </dates>
    <PlainTextAreaInput
      className="T-Large"
      onBlur={[Function]}
      placeholder="Enter an introduction to your trip"
      value="Header subtitle"
    />
  </hgroup>
</Dropzone>
`;
