// Jest Snapshot v1, https://goo.gl/fbAQLP

exports[`EditHeroHeader Matches snapshot 1`] = `
<Dropzone
  className="HeroHeader edit undefined"
  disableClick={true}
  disablePreview={false}
  maxSize={Infinity}
  minSize={0}
  multiple={true}
  onDrop={[Function]}
  preventDropOnDocument={true}
>
  <ScaledImage
    alt="image"
    cover={true}
    image={
      Object {
        "id": "def234",
        "ratio": 1,
        "url": "image.jpg",
      }
    }
    key="def234"
    style={
      Object {
        "flex": 1,
      }
    }
  />
  <hgroup>
    <input
      className="title"
      onBlur={[Function]}
      onChange={[Function]}
      placeholder="(Amazing title)"
      value="Header title"
    />
    <input
      className="subtitle"
      onBlur={[Function]}
      onChange={[Function]}
      placeholder="(Optional subtitle)"
      value="Header subtitle"
    />
    <p
      className="drophint"
    >
      <i
        className="fa fa-picture-o"
      />
       Drop an image here to update the header image.
    </p>
  </hgroup>
</Dropzone>
`;
